[www.world-of-swiss.com/en.html]
[backblue.gif]
[fade.gif]
[index.html]
[www.world-of-swiss.com/bundles/swisssite/img/favicons/faviconbbd8.ico]
[www.world-of-swiss.com/bundles/swisssite/img/favicons/apple-touch-icon-152x152-precomposedbbd8.png]
[www.world-of-swiss.com/bundles/swisssite/img/favicons/apple-touch-icon-120x120-precomposedbbd8.png]
[www.world-of-swiss.com/bundles/swisssite/img/favicons/apple-touch-icon-76x76-precomposedbbd8.png]
[www.world-of-swiss.com/bundles/swisssite/img/favicons/apple-touch-icon-57x57-precomposedbbd8.png]
[www.world-of-swiss.com/bundles/swisssite/img/favicons/msapplication-square310x310logobbd8.png]
[www.world-of-swiss.com/bundles/swisssite/img/favicons/msapplication-square310x150logobbd8.png]
[www.world-of-swiss.com/bundles/swisssite/img/favicons/msapplication-square150x150logobbd8.png]
[www.world-of-swiss.com/bundles/swisssite/img/favicons/msapplication-square70x70logobbd8.png]
[www.world-of-swiss.com/assets/metaimage/b308282e338fdf14338e641ad65c3a78de761f22bbd8.png]
[www.world-of-swiss.com/en/page/no-javascript.html]
[www.world-of-swiss.com/bundles/swisssite/css/styleallbbd8.css]
[www.world-of-swiss.com/bundles/swisssite/js/vendor/modernizr.custombbd8.js]
[www.world-of-swiss.com/de.html]
[www.world-of-swiss.com/fr.html]
[www.world-of-swiss.com/it.html]
[www.world-of-swiss.com/es.html]
[www.world-of-swiss.com/pt.html]
[www.world-of-swiss.com/ru.html]
[www.world-of-swiss.com/ja.html]
[www.world-of-swiss.com/bundles/swisssite/img/navigation/nav-preview-00bbd8.jpg]
[www.world-of-swiss.com/zh.html]
[www.world-of-swiss.com/bundles/swisssite/img/navigation/nav-preview-01bbd8.jpg]
[www.world-of-swiss.com/assets/menu/6a82f76740ef555d95e6e5aaa1ee2946a84fb647_unzip/1bbd8.jpg]
[www.world-of-swiss.com/assets/menu/7df02a0edd6909adfec8daf5460bdf8153e158b0_unzip/01bbd8.jpg]
[www.world-of-swiss.com/assets/menu/968d205acb140b6f0f1a16c8b11f492fbf31d3fc_unzip/01bbd8.jpg]
[www.world-of-swiss.com/assets/menu/20eaf45f5d371bd23804c21461c1d7d1ec04f30b_unzip/1bbd8.jpg]
[www.world-of-swiss.com/assets/menu/7e95425861ef1b751dcebf343c682be60f21e577_unzip/1bbd8.jpg]
[www.world-of-swiss.com/assets/menu/b0bd1cb6e45d1506267356ceee62a8a4af1c75ef_unzip/1bbd8.jpg]
[www.world-of-swiss.com/assets/menu/6f305dabf105bf11af5c37de1f127d9ec6b7de16_unzip/1bbd8.jpg]
[www.world-of-swiss.com/assets/menu/91b31307a1dfc1d09ebc2e54fcf6a9b67fb142f7_unzip/01bbd8.jpg]
[www.world-of-swiss.com/assets/menu/ccebd3170315e3ac2947b6d11744ea9d6bf41116_unzip/1bbd8.jpg]
[www.world-of-swiss.com/assets/menu/1a348c5ec3f2a436a26caa7b9c7a38b6067f5cc0_unzip/01bbd8.jpg]
[www.world-of-swiss.com/assets/menu/7c075497aa424528b0651178285af7e97dfc06da_unzip/01bbd8.jpg]
[www.world-of-swiss.com/assets/menu/9235879450a1e1a81b9afc8d2c6d9a9dd494252d_unzip/1bbd8.jpg]
[www.world-of-swiss.com/assets/menu/1842971780343c4fa2132085759f07017aa044f0_unzip/1bbd8.jpg]
[www.world-of-swiss.com/en/page/imprint.html]
[www.world-of-swiss.com/bundles/swisssite/img/fwa_sotd_brbbd8.png]
[www.world-of-swiss.com/bundles/swisssite/img/bgimg2/clouds-horizonbbd8.png]
[www.world-of-swiss.com/bundles/swisssite/img/bgimg2/clouds-farbbd8.png]
[www.world-of-swiss.com/bundles/swisssite/img/bgimg2/clouds-midbbd8.png]
[www.world-of-swiss.com/bundles/swisssite/img/bgimg2/clouds-nearbbd8.png]
[www.world-of-swiss.com/bundles/swisssite/img/bgimg2/alpsbbd8.png]
[www.world-of-swiss.com/bundles/swisssite/img/bgimg2/matterhornbbd8.png]
[www.world-of-swiss.com/bundles/swisssite/img/bgimg2/clouds-levelbbd8.png]
[www.world-of-swiss.com/assets/cover/228f25d43f458b898fda9beda8664ec36a6d5b9a_unzip/1bbd8.jpg]
[www.world-of-swiss.com/bundles/swisssite/img/teaserclouds/1-cloud-16-9bbd8.png]
[www.world-of-swiss.com/en/swiss-cockpit.html]
[www.world-of-swiss.com/assets/cover/ddc09e508384f1ff18d921f00ad2fc144f1f934f_unzip/01bbd8.jpg]
[www.world-of-swiss.com/bundles/swisssite/img/teaserclouds/3-cloud-16-9bbd8.png]
[www.world-of-swiss.com/en/swiss-technical-division.html]
[www.world-of-swiss.com/assets/cover/60446345db8e99a752b5a38e1ab0f3527b86943d_unzip/01bbd8.jpg]
[www.world-of-swiss.com/en/swiss-worldcargo.html]
[www.world-of-swiss.com/assets/cover/9726e7cddf6220ab90c8b70d8caf1469f23b8955_unzip/1bbd8.jpg]
[www.world-of-swiss.com/bundles/swisssite/img/teaserclouds/4-cloud-16-9bbd8.png]
[www.world-of-swiss.com/en/swiss-lounges.html]
[www.world-of-swiss.com/assets/cover/fbd4e0bd769584df0677d7240a8800210ceb6c24_unzip/1bbd8.jpg]
[www.world-of-swiss.com/en/swiss-taste-of-switzerland.html]
[www.world-of-swiss.com/assets/cover/bdda1f5ae383ecc303dbe804a8e7c8ee18702d88_unzip/1bbd8.jpg]
[www.world-of-swiss.com/en/swiss-cabin-crew.html]
[www.world-of-swiss.com/assets/cover/20b6443def7b9797fe2e588b3de09fa13835df20_unzip/1bbd8.jpg]
[www.world-of-swiss.com/en/swiss-chocolate.html]
[www.world-of-swiss.com/assets/cover/ce8a2ed20cc34abcd048df166bc753ea5f716f82_unzip/01bbd8.jpg]
[www.world-of-swiss.com/en/swiss-first.html]
[www.world-of-swiss.com/assets/cover/1408d6bfb8bc8d5b1ed6ba403ca66dc7d979fa50_unzip/1bbd8.jpg]
[www.world-of-swiss.com/bundles/swisssite/img/teaserclouds/2-cloud-16-9bbd8.png]
[www.world-of-swiss.com/en/the-swiss-cabins.html]
[www.world-of-swiss.com/assets/cover/83dfd4930a39167fc27511395aed8ca585f7780b_unzip/01bbd8.jpg]
[www.world-of-swiss.com/en/swiss-traditions.html]
[www.world-of-swiss.com/assets/cover/000b5959a36863757f491e81be819baa78bff5ec_unzip/01bbd8.jpg]
[www.world-of-swiss.com/en/swissness-on-board.html]
[www.world-of-swiss.com/assets/cover/62f4739ed3674cb06ea15530e8695cdaf20fb40e_unzip/1bbd8.jpg]
[www.world-of-swiss.com/en/swiss-business-seat.html]
[www.world-of-swiss.com/assets/cover/add3557065ae499fa5580592053352f958cde141_unzip/1bbd8.jpg]
[www.world-of-swiss.com/en/swiss-over-the-alps.html]
[www.world-of-swiss.com/assets/image/ef324bb7b1038c704083e491f7ce6b835dfb7e96bbd8.png]
[www.world-of-swiss.com/en/boeing777.html]
[www.world-of-swiss.com/assets/image/f3b891639e771539981abdb0e5914c6a9f729a18bbd8.png]
[www.world-of-swiss.com/en/airbus-a340-300.html]
[www.world-of-swiss.com/assets/image/629f66e5f24ed2c3b64cb2d4b46ffb6274514e4bbbd8.png]
[www.world-of-swiss.com/en/airbus-a330-300.html]
[www.world-of-swiss.com/assets/image/42554f6864aea224ca96acc401b952abd4700e3fbbd8.png]
[www.world-of-swiss.com/en/airbus-a321.html]
[www.world-of-swiss.com/assets/image/ac15471fc45347155d579d31242c5fb5f3ce2ef6bbd8.png]
[www.world-of-swiss.com/en/airbus-a320.html]
[www.world-of-swiss.com/assets/image/c4f46d1e2d7d1f51db30e30f3afb99f59b90070abbd8.png]
[www.world-of-swiss.com/en/airbus-a319.html]
[www.world-of-swiss.com/assets/image/710e8aa0aa5e48f3951d06ecc1b2b71ff909fd91bbd8.png]
[www.world-of-swiss.com/en/avro-rj100.html]
[www.world-of-swiss.com/assets/image/37e08402de800a5a00e0737a9acb170997ddaa9abbd8.png]
[www.world-of-swiss.com/en/cseries.html]
[www.world-of-swiss.com/bundles/swisssite/img/routenetwork/map-zoom-worldbbd8.jpg]
[www.world-of-swiss.com/bundles/swisssite/img/routenetwork/map-zoom-europebbd8.jpg]
[www.world-of-swiss.com/bundles/swisssite/img/routenetwork/map-zoom-switzerlandbbd8.jpg]
[www.world-of-swiss.com/bundles/swisssite/img/logo-swiss2xbbd8.png]
[www.world-of-swiss.com/[%= img %]]
[www.world-of-swiss.com/[%= item.url %]]
[www.world-of-swiss.com/[%= planeImg %]]
[www.world-of-swiss.com/bundles/swisssite/img/world3d/cloud-2bbd8.png]
[www.world-of-swiss.com/bundles/swisssite/img/world3d/cloud-3bbd8.png]
[www.world-of-swiss.com/bundles/swisssite/img/world3d/cloud-4bbd8.png]
[www.world-of-swiss.com/bundles/swisssite/img/world3d/cloud-5bbd8.png]
[www.world-of-swiss.com/bundles/swisssite/img/world3d/cloud-6bbd8.png]
[www.world-of-swiss.com/bundles/swisssite/img/world3d/cloud-7bbd8.png]
[www.world-of-swiss.com/bundles/swisssite/img/world3d/cloud-8bbd8.png]
[www.world-of-swiss.com/bundles/swisssite/js/vendor/requirebbd8.js]
[www.world-of-swiss.com/en.html]
[www.google-analytics.com/analytics.js]
[www.world-of-swiss.com/bundles/swisssite/script/webtrends.minbbd8.js]
[www.world-of-swiss.com/bundles/swisssite/img/favicons/share-600x600bbd8.png]
[www.world-of-swiss.com/de/page/no-javascript.html]
[www.world-of-swiss.com/fr/page/no-javascript.html]
[www.world-of-swiss.com/it/page/no-javascript.html]
[www.world-of-swiss.com/es/page/no-javascript.html]
[www.world-of-swiss.com/pt/page/no-javascript.html]
[www.world-of-swiss.com/ru/page/no-javascript.html]
[www.world-of-swiss.com/ja/page/no-javascript.html]
[www.world-of-swiss.com/zh/page/no-javascript.html]
[www.world-of-swiss.com/en/page/no-javascript.html]
[www.world-of-swiss.com/bundles/swisssite/img/world3d/cloud-1bbd8.png]
[www.world-of-swiss.com/de/page/imprint.html]
[www.world-of-swiss.com/de/swiss-cockpit.html]
[www.world-of-swiss.com/de/swiss-technik-division.html]
[www.world-of-swiss.com/de/swiss-world-cargo.html]
[www.world-of-swiss.com/de/swiss-lounges.html]
[www.world-of-swiss.com/de/swiss-taste-of-switzerland.html]
[www.world-of-swiss.com/de/swiss-cabin-crew.html]
[www.world-of-swiss.com/de/swiss-chocolate.html]
[www.world-of-swiss.com/de/swiss-first.html]
[www.world-of-swiss.com/de/die-kabine-der-swiss.html]
[www.world-of-swiss.com/de/swiss-traditions.html]
[www.world-of-swiss.com/de/swissness-an-bord.html]
[www.world-of-swiss.com/de/swiss-business-seat.html]
[www.world-of-swiss.com/de/swiss-uber-den-alpen.html]
[www.world-of-swiss.com/de/boeing777.html]
[www.world-of-swiss.com/de/airbus-a340-300.html]
[www.world-of-swiss.com/de/airbus-a330-300.html]
[www.world-of-swiss.com/de/airbus-a321.html]
[www.world-of-swiss.com/de/airbus-a320.html]
[www.world-of-swiss.com/de/airbus-a319.html]
[www.world-of-swiss.com/de/avro-rj100.html]
[www.world-of-swiss.com/de.html]
[www.world-of-swiss.com/de/cseries.html]
[www.world-of-swiss.com/fr/page/imprint.html]
[www.world-of-swiss.com/fr/swiss-cockpit.html]
[www.world-of-swiss.com/fr/division-technique-de-swiss.html]
[www.world-of-swiss.com/fr/swiss-worldcargo.html]
[www.world-of-swiss.com/fr/salons-swiss.html]
[www.world-of-swiss.com/fr/swiss-taste-of-switzerland.html]
[www.world-of-swiss.com/fr/swiss-cabin-crew.html]
[www.world-of-swiss.com/fr/chocolat-suisse.html]
[www.world-of-swiss.com/fr/swiss-first.html]
[www.world-of-swiss.com/fr/la-cabine-de-swiss.html]
[www.world-of-swiss.com/fr/traditions-swiss.html]
[www.world-of-swiss.com/fr/suissitude-a-bord.html]
[www.world-of-swiss.com/fr/siege-swiss-business.html]
[www.world-of-swiss.com/fr/swiss-au-dessus-des-alpes.html]
[www.world-of-swiss.com/fr/boeing777.html]
[www.world-of-swiss.com/fr/airbus-a340-300.html]
[www.world-of-swiss.com/fr/airbus-a330-300.html]
[www.world-of-swiss.com/fr/airbus-a321.html]
[www.world-of-swiss.com/fr/airbus-a320.html]
[www.world-of-swiss.com/fr/airbus-a319.html]
[www.world-of-swiss.com/fr/avro-rj100.html]
[www.world-of-swiss.com/fr.html]
[www.world-of-swiss.com/fr/cseries.html]
[www.world-of-swiss.com/it/page/imprint.html]
[www.world-of-swiss.com/it/cabina-di-pilotaggio-swiss.html]
[www.world-of-swiss.com/it/divisione-tecnica-di-swiss.html]
[www.world-of-swiss.com/it/swiss-worldcargo.html]
[www.world-of-swiss.com/it/swiss-lounge.html]
[www.world-of-swiss.com/it/swiss-taste-of-switzerland.html]
[www.world-of-swiss.com/it/swiss-cabin-crew.html]
[www.world-of-swiss.com/it/cioccolata-swiss.html]
[www.world-of-swiss.com/it/swiss-first.html]
[www.world-of-swiss.com/it/la-cabina-swiss.html]
[www.world-of-swiss.com/it/swiss-traditions.html]
[www.world-of-swiss.com/it/swissness-on-board.html]
[www.world-of-swiss.com/it/swiss-business-seat.html]
[www.world-of-swiss.com/it/oltre-le-alpi-con-swiss.html]
[www.world-of-swiss.com/it/boeing777.html]
[www.world-of-swiss.com/it/airbus-a340-300.html]
[www.world-of-swiss.com/it/airbus-a330-300.html]
[www.world-of-swiss.com/it/airbus-a321.html]
[www.world-of-swiss.com/it/airbus-a320.html]
[www.world-of-swiss.com/it/airbus-a319.html]
[www.world-of-swiss.com/it/avro-rj100.html]
[www.world-of-swiss.com/it.html]
[www.world-of-swiss.com/it/cseries.html]
[www.world-of-swiss.com/es/page/imprint.html]
[www.world-of-swiss.com/es/cabina-de-swiss.html]
[www.world-of-swiss.com/es/division-tecnica-de-swiss.html]
[www.world-of-swiss.com/es/swiss-worldcargo.html]
[www.world-of-swiss.com/es/salas-vip-de-swiss.html]
[www.world-of-swiss.com/es/swiss-taste-of-switzerland.html]
[www.world-of-swiss.com/es/tripulacion-de-cabina-de-swiss.html]
[www.world-of-swiss.com/es/swiss-chocolate.html]
[www.world-of-swiss.com/es/swiss-first.html]
[www.world-of-swiss.com/es/la-cabina-de-swiss.html]
[www.world-of-swiss.com/es/tradiciones-swiss.html]
[www.world-of-swiss.com/es/helvetismo-a-bordo.html]
[www.world-of-swiss.com/es/swiss-business-seat.html]
[www.world-of-swiss.com/es/swiss-sobre-los-alpes.html]
[www.world-of-swiss.com/es/boeing777.html]
[www.world-of-swiss.com/es/airbus-a340-300.html]
[www.world-of-swiss.com/es/airbus-a330-300.html]
[www.world-of-swiss.com/es/airbus-a321.html]
[www.world-of-swiss.com/es/airbus-a320.html]
[www.world-of-swiss.com/es/airbus-a319.html]
[www.world-of-swiss.com/es/avro-rj100.html]
[www.world-of-swiss.com/es.html]
[www.world-of-swiss.com/es/cseries.html]
[www.world-of-swiss.com/pt/page/imprint.html]
[www.world-of-swiss.com/pt/cockpit-da-swiss.html]
[www.world-of-swiss.com/pt/divisao-tecnica-da-swiss.html]
[www.world-of-swiss.com/pt/swiss-worldcargo.html]
[www.world-of-swiss.com/pt/lounges-da-swiss.html]
[www.world-of-swiss.com/pt/swiss-taste-of-switzerland.html]
[www.world-of-swiss.com/pt/tripulacao-de-cabine-da-swiss.html]
[www.world-of-swiss.com/pt/chocolate-swiss.html]
[www.world-of-swiss.com/pt/swiss-first.html]
[www.world-of-swiss.com/pt/a-cabine-da-swiss.html]
[www.world-of-swiss.com/pt/tradicoes-swiss.html]
[www.world-of-swiss.com/pt/carater-suico-a-bordo.html]
[www.world-of-swiss.com/pt/assento-swiss-business.html]
[www.world-of-swiss.com/pt/swiss-sobre-os-alpes.html]
[www.world-of-swiss.com/pt/boeing777.html]
[www.world-of-swiss.com/pt/airbus-a340-300.html]
[www.world-of-swiss.com/pt/airbus-a330-300.html]
[www.world-of-swiss.com/pt/airbus-a321.html]
[www.world-of-swiss.com/pt/airbus-a320.html]
[www.world-of-swiss.com/pt/airbus-a319.html]
[www.world-of-swiss.com/pt/avro-rj100.html]
[www.world-of-swiss.com/pt.html]
[www.world-of-swiss.com/pt/cseries.html]
[www.world-of-swiss.com/ru/page/imprint.html]
[www.world-of-swiss.com/ru/v-kabine-pilotov-swiss.html]
[www.world-of-swiss.com/ru/tehnicheskoe-podrazdelenie-swiss.html]
[www.world-of-swiss.com/ru/swiss-worldcargo.html]
[www.world-of-swiss.com/ru/zaly-ozhidaniya-swiss.html]
[www.world-of-swiss.com/ru/koncepciya-swiss-taste-of-switzerland.html]
[www.world-of-swiss.com/ru/ekipazh-swiss.html]
[www.world-of-swiss.com/ru/shokolad-swiss.html]
[www.world-of-swiss.com/ru/pervyy-klass-swiss-1.html]
[www.world-of-swiss.com/ru/kabina-pilotov-swiss.html]
[www.world-of-swiss.com/ru/tradicii-swiss.html]
[www.world-of-swiss.com/ru/istinnaya-shveycarii-na-bortu-samoleta.html]
[www.world-of-swiss.com/ru/sidene-biznes-klassa-swiss.html]
[www.world-of-swiss.com/ru/swiss-nad-alpami.html]
[www.world-of-swiss.com/ru/boeing777.html]
[www.world-of-swiss.com/ru/airbus-a340-300.html]
[www.world-of-swiss.com/ru/airbus-a330-300.html]
[www.world-of-swiss.com/ru/airbus-a321.html]
[www.world-of-swiss.com/ru/airbus-a320.html]
[www.world-of-swiss.com/ru/airbus-a319.html]
[www.world-of-swiss.com/ru/avro-rj100.html]
[www.world-of-swiss.com/ru.html]
[www.world-of-swiss.com/ru/cseries.html]
[www.world-of-swiss.com/ja/page/imprint.html]
[www.world-of-swiss.com/ja/swiss-kotukupituto.html]
[www.world-of-swiss.com/ja/swiss-zheng-bei-bu-men.html]
[www.world-of-swiss.com/ja/swisswarudokago.html]
[www.world-of-swiss.com/ja/swissraunzi.html]
[www.world-of-swiss.com/ja/swiss-suisunowei-jue.html]
[www.world-of-swiss.com/ja/swiss-ke-shi-cheng-wu-yuan.html]
[www.world-of-swiss.com/ja/swisstiyokoreto.html]
[www.world-of-swiss.com/ja/swisshuasuto-1.html]
[www.world-of-swiss.com/ja/swissnoke-shi.html]
[www.world-of-swiss.com/ja/swissnochuan-tong.html]
[www.world-of-swiss.com/ja/ji-nei-nosuisurasisa.html]
[www.world-of-swiss.com/ja/swiss-bizinesusito.html]
[www.world-of-swiss.com/ja/arupusunoshang-noswiss.html]
[www.world-of-swiss.com/ja/boeing777.html]
[www.world-of-swiss.com/ja/eabasu-a340-300.html]
[www.world-of-swiss.com/ja/eabasu-a330-300.html]
[www.world-of-swiss.com/ja/eabasu-a321.html]
[www.world-of-swiss.com/ja/eabasua320.html]
[www.world-of-swiss.com/ja/eabasu-a319.html]
[www.world-of-swiss.com/ja/aburo-rj100.html]
[www.world-of-swiss.com/ja.html]
[www.world-of-swiss.com/ja/cseries.html]
[www.world-of-swiss.com/zh/page/imprint.html]
[www.world-of-swiss.com/zh/rui-hang-jia-shi-cang.html]
[www.world-of-swiss.com/zh/rui-hang-ji-zhu-bu.html]
[www.world-of-swiss.com/zh/rui-shi-quan-qiu-huo-yun.html]
[www.world-of-swiss.com/zh/rui-hang-hou-ji-shi.html]
[www.world-of-swiss.com/zh/rui-hang-pin-wei-rui-shi.html]
[www.world-of-swiss.com/zh/rui-hang-kong-cheng.html]
[www.world-of-swiss.com/zh/rui-shi-qiao-ke-li.html]
[www.world-of-swiss.com/zh/rui-hang-tou-deng-cang-1.html]
[www.world-of-swiss.com/zh/rui-hang-ke-cang.html]
[www.world-of-swiss.com/zh/rui-hang-chuan-tong.html]
[www.world-of-swiss.com/zh/ji-cang-zhong-de-rui-hang-te-se.html]
[www.world-of-swiss.com/zh/rui-hang-shang-wu-zuo-yi.html]
[www.world-of-swiss.com/zh/rui-hang-fei-yue-a-er-bei-si-shan.html]
[www.world-of-swiss.com/zh/boeing777.html]
[www.world-of-swiss.com/zh/kong-ke-a340-300.html]
[www.world-of-swiss.com/zh/kong-ke-a330-300.html]
[www.world-of-swiss.com/zh/kong-ke-a321.html]
[www.world-of-swiss.com/zh/kong-ke-a320.html]
[www.world-of-swiss.com/zh/kong-ke-a319.html]
[www.world-of-swiss.com/zh/avro-rj100.html]
[www.world-of-swiss.com/zh.html]
[www.world-of-swiss.com/en/page/imprint.html]
[www.world-of-swiss.com/zh/cseries.html]
[www.world-of-swiss.com/assets/metaimage/0bfa9877a15881b66b8bb6616a135fb0fd2e474ebbd8.jpg]
[www.world-of-swiss.com/assets/metaimage/c8038c577afe5fa1a85daa8f5501dc7b2947c98fbbd8.jpg]
[www.world-of-swiss.com/assets/metaimage/cfd329998bbbe2b1fee2ad06d2b644d0ac8dea1abbd8.jpg]
[www.world-of-swiss.com/assets/movie/poster/002ebfe43eff240ce741d1e72747a1c1fb3e9381bbd8.jpg]
[www.world-of-swiss.com/bundles/swisssite/img/transparentbbd8.png]
[www.world-of-swiss.com/cache/site_hotspot_image/assets/image/1c3b32014305e3aeb441fedab82a809277e626f4.jpg]
[www.world-of-swiss.com/cache/site_hotspot_image/assets/image/d8c5c422b1e71a522ed2d6f8738c34f692e0b1d5.jpg]
[www.world-of-swiss.com/cache/site_hotspot_image/assets/image/1c692eef18b827a8b83e02c8eb7b7126a574329f.jpg]
[www.world-of-swiss.com/cache/site_hotspot_image/assets/image/cef2a861f3bc055eec6df3541710a54143a9f789.jpg]
[www.world-of-swiss.com/cache/site_movie_related/assets/menu/b0bd1cb6e45d1506267356ceee62a8a4af1c75ef_unzip/1.jpg]
[www.world-of-swiss.com/cache/site_movie_related/assets/menu/1842971780343c4fa2132085759f07017aa044f0_unzip/1.jpg]
[www.world-of-swiss.com/en/swiss-cockpit.html]
[www.world-of-swiss.com/cache/site_movie_related/assets/menu/ccebd3170315e3ac2947b6d11744ea9d6bf41116_unzip/1.jpg]
[www.world-of-swiss.com/assets/metaimage/4a41e142dac32a04d83094ed555018d1df40fc34bbd8.jpg]
[www.world-of-swiss.com/assets/metaimage/69f9ebd1178dd1fdad76b1f8c5e83fbf0c8e1383bbd8.jpg]
[www.world-of-swiss.com/assets/metaimage/8fa64d932e4eecf2c45a4900390539a00e889124bbd8.jpg]
[www.world-of-swiss.com/assets/metaimage/600ebc6c56692947a0ebcb62d71ef719970367ddbbd8.jpg]
[www.world-of-swiss.com/assets/metaimage/64cb1476d011a13dd189877b52849ef21afc4b15bbd8.jpg]
[www.world-of-swiss.com/assets/metaimage/9d2aeb54c015693d11afbf7089d0fb4387dfafc0bbd8.jpg]
[www.world-of-swiss.com/assets/slide/4f2e8fbc68e93c2b0c96b5f6c44be527ec6000fcbbd8.jpg]
[www.world-of-swiss.com/assets/slide/b80b333c241152c8e3f382aaa8c453703ddae50ebbd8.jpg]
[www.world-of-swiss.com/en/swiss-worldcargoca84.html]
[www.world-of-swiss.com/cache/site_movie_related/assets/slide/987b5f8087a030efb5f09cd3694e7abdc431928d.jpg]
[www.world-of-swiss.com/en/swiss-technical-divisionca84.html]
[www.world-of-swiss.com/cache/site_movie_related/assets/slide/62bd9736fdc18d9f23635c4e2c4c0966ffe4fc35.jpg]
[www.world-of-swiss.com/cache/site_movie_related/assets/slide/9e84ae35eca4768b5cba548f909b009fa55c9009.jpg]
[www.world-of-swiss.com/cache/site_hotspot_image/assets/image/5ceb7482b09acae03aa509787cccfd6505663070.jpg]
[www.world-of-swiss.com/assets/slide/62bd9736fdc18d9f23635c4e2c4c0966ffe4fc35bbd8.jpg]
[www.world-of-swiss.com/cache/site_movie_related/assets/slide/b80b333c241152c8e3f382aaa8c453703ddae50e.jpg]
[www.world-of-swiss.com/cache/site_movie_related/assets/menu/6a82f76740ef555d95e6e5aaa1ee2946a84fb647_unzip/1.jpg]
[www.world-of-swiss.com/assets/slide/06ec0f0900be816483ec7f0cb1931c5968f26574bbd8.jpg]
[www.world-of-swiss.com/assets/slide/9e84ae35eca4768b5cba548f909b009fa55c9009bbd8.jpg]
[www.world-of-swiss.com/en/swiss-technical-division.html]
[www.world-of-swiss.com/assets/metaimage/9d6703b7f6b15a9dbb5a804b053c40b67bf93dcbbbd8.jpg]
[www.world-of-swiss.com/assets/metaimage/8df35bcd845cc4b0b27626e37f0d587f522850f6bbd8.jpg]
[www.world-of-swiss.com/assets/metaimage/eab427ed9f76b76fdfda6f485451db44bb0ab61cbbd8.jpg]
[www.world-of-swiss.com/assets/metaimage/fcda50d5241f09aa17e01f73a50b2e42fc6a6d39bbd8.jpg]
[www.world-of-swiss.com/assets/metaimage/08579c8c54967c1bef6aa4bebfab2f6ec9dd511cbbd8.jpg]
[www.world-of-swiss.com/assets/metaimage/55d373e5a5f141e3df393d52faa55dca2bb6be0ebbd8.jpg]
[www.world-of-swiss.com/assets/slide/d754a6503820f355354a9a3dc30e77f59b15c1ebbbd8.jpg]
[www.world-of-swiss.com/cache/site_hotspot_image/assets/image/1034445c177d4017edaa09e7ddcb5a2624ef12cb.jpg]
[www.world-of-swiss.com/assets/slide/987b5f8087a030efb5f09cd3694e7abdc431928dbbd8.jpg]
[www.world-of-swiss.com/cache/site_movie_related/assets/slide/76414e8566ab02df16cecc8174b5798f33027e3b.jpg]
[www.world-of-swiss.com/cache/site_movie_related/assets/slide/67f340371458161b6affc712616edc5d6cae2b0c.jpg]
[www.world-of-swiss.com/cache/site_movie_related/assets/slide/ce9d8185400c766ab52651fad3be344bd743afbe.jpg]
[www.world-of-swiss.com/cache/site_hotspot_image/assets/image/ea63ab2224e2c06db23a0bcbf5599614821b242d.jpg]
[www.world-of-swiss.com/assets/slide/ce9d8185400c766ab52651fad3be344bd743afbebbd8.jpg]
[www.world-of-swiss.com/cache/site_hotspot_image/assets/image/7731b1f3ae8a87218d02f56f327e13a5d4e4d955.jpg]
[www.world-of-swiss.com/assets/slide/76414e8566ab02df16cecc8174b5798f33027e3bbbd8.jpg]
[www.world-of-swiss.com/cache/site_hotspot_image/assets/image/0ea25b83189497b9b50e28c6456e3f8baa2e51af.jpg]
[www.world-of-swiss.com/assets/slide/67f340371458161b6affc712616edc5d6cae2b0cbbd8.jpg]
[www.world-of-swiss.com/cache/site_hotspot_image/assets/image/3279164d35f2e200bb15c41cbf9f055e9937b86f.jpg]
[www.world-of-swiss.com/assets/slide/812415c9341bf69a86c24597aa53746e76620304bbd8.jpg]
                                                                                                            